[PASS] hold / lag / reverse / release / settle: battle hand
[PASS] hold / lag / reverse / release / settle: battle SPN
[PASS] hold / lag / reverse / release / settle: battle consumable
[PASS] hold / lag / reverse / release / settle: shop deity
[PASS] hold / lag / reverse / release / settle: shop equipment
[PASS] hold / lag / reverse / release / settle: shop card
[PASS] hold / lag / reverse / release / settle: shop hand_expansion
[PASS] hold / lag / reverse / release / settle: shop heal
[PASS] hold / lag / reverse / release / settle: shop voucher
[PASS] hold / lag / reverse / release / settle: shop pack
[PASS] hold / lag / reverse / release / settle: shop pack
[PASS] hold / lag / reverse / release / settle: shop pack
[PASS] hold / lag / reverse / release / settle: shop pack
[PASS] hold / lag / reverse / release / settle: shop SPN
[PASS] hold / lag / reverse / release / settle: shop consumable
[PASS] hold / lag / reverse / release / settle: pack buffoon
[PASS] hold / lag / reverse / release / settle: pack buffoon
[PASS] hold / lag / reverse / release / settle: pack buffoon
[PASS] hold / lag / reverse / release / settle: pack arcana
[PASS] hold / lag / reverse / release / settle: pack arcana
[PASS] hold / lag / reverse / release / settle: pack arcana
[PASS] hold / lag / reverse / release / settle: pack standard
[PASS] hold / lag / reverse / release / settle: pack standard
[PASS] hold / lag / reverse / release / settle: pack standard
[PASS] hold / lag / reverse / release / settle: pack joker_edition
[PASS] hold / lag / reverse / release / settle: pack joker_edition
[PASS] hold / lag / reverse / release / settle: pack joker_edition
[PASS] hold / lag / reverse / release / settle: pack seal
[PASS] hold / lag / reverse / release / settle: pack seal
[PASS] hold / lag / reverse / release / settle: pack seal
[PASS] hold / lag / reverse / release / settle: pack spectral
[PASS] hold / lag / reverse / release / settle: pack spectral
[PASS] hold / lag / reverse / release / settle: pack spectral
[PASS] hold / lag / reverse / release / settle: pack celestial
[PASS] hold / lag / reverse / release / settle: pack celestial
[PASS] hold / lag / reverse / release / settle: pack celestial
[PASS] hold / lag / reverse / release / settle: pack hand_styles
[PASS] hold / lag / reverse / release / settle: pack hand_styles
[PASS] hold / lag / reverse / release / settle: pack hand_styles
[PASS] hold / lag / reverse / release / settle: pack edition
[PASS] hold / lag / reverse / release / settle: pack edition
[PASS] hold / lag / reverse / release / settle: pack edition
Card physics integration passed: 46 real card holds; shop/hand/SPN/consumables/all packs/viewer/reorder/collection/lab; presets/shader/focus/dt spike
